// Jest Snapshot v1, https://goo.gl/fbAQLP

exports[`Testing SignIn renders as expected 1`] = `
ShallowWrapper {
  "length": 1,
  Symbol(enzyme.__root__): [Circular],
  Symbol(enzyme.__unrendered__): <SignIn
    authScreenSwitched={[Function]}
    code=""
    codeChanged={[Function]}
    cprNumber=""
    cprNumberChanged={[Function]}
    error=""
    loading={false}
    signIn={[Function]}
  />,
  Symbol(enzyme.__renderer__): Object {
    "batchedUpdates": [Function],
    "getNode": [Function],
    "render": [Function],
    "simulateEvent": [Function],
    "unmount": [Function],
  },
  Symbol(enzyme.__node__): Object {
    "instance": null,
    "key": undefined,
    "nodeType": "class",
    "props": Object {
      "behavior": "padding",
      "children": <TouchableWithoutFeedback
        accessible={false}
        onPress={[Function]}
      >
        <Styled(Container)
          style={
            Object {
              "alignSelf": "stretch",
            }
          }
          virtual={undefined}
        >
          <Logo />
          <AuthForm
            cprNumber=""
            error=""
            handleSubmit={[Function]}
            isSignIn={true}
            loading={false}
            onCprNumberChange={[Function]}
            onSecondInputChange={[Function]}
            secondInput=""
          />
          <Styled(Container)
            virtual={undefined}
          >
            <Styled(Container)
              style={
                Object {
                  "alignItems": "flex-start",
                  "alignSelf": "center",
                  "paddingTop": 13,
                  "width": "80%",
                }
              }
              virtual={undefined}
            >
              <Styled(Button)
                onPress={[Function]}
                style={
                  Object {
                    "height": 30,
                    "paddingLeft": 5,
                  }
                }
                transparent={true}
                virtual={undefined}
              >
                <Styled(Label)
                  style={
                    Object {
                      "color": "rgba(255,255,255,0.6)",
                    }
                  }
                  virtual={undefined}
                >
                  Glemt pinkode?
                </Styled(Label)>
              </Styled(Button)>
              <Styled(Button)
                onPress={[Function]}
                style={
                  Object {
                    "height": 30,
                    "paddingLeft": 5,
                  }
                }
                transparent={true}
                virtual={undefined}
              >
                <Styled(Label)
                  style={
                    Object {
                      "color": "rgba(255,255,255,0.6)",
                    }
                  }
                  virtual={undefined}
                >
                  Ny bruger?
                </Styled(Label)>
              </Styled(Button)>
            </Styled(Container)>
            <ErrorInfo
              error=""
            />
          </Styled(Container)>
        </Styled(Container)>
      </TouchableWithoutFeedback>,
      "keyboardVerticalOffset": 0,
      "style": Object {
        "alignItems": "center",
        "backgroundColor": "#166a97",
        "flex": 2,
        "justifyContent": "center",
      },
    },
    "ref": null,
    "rendered": Object {
      "instance": null,
      "key": undefined,
      "nodeType": "class",
      "props": Object {
        "accessible": false,
        "children": <Styled(Container)
          style={
            Object {
              "alignSelf": "stretch",
            }
          }
          virtual={undefined}
        >
          <Logo />
          <AuthForm
            cprNumber=""
            error=""
            handleSubmit={[Function]}
            isSignIn={true}
            loading={false}
            onCprNumberChange={[Function]}
            onSecondInputChange={[Function]}
            secondInput=""
          />
          <Styled(Container)
            virtual={undefined}
          >
            <Styled(Container)
              style={
                Object {
                  "alignItems": "flex-start",
                  "alignSelf": "center",
                  "paddingTop": 13,
                  "width": "80%",
                }
              }
              virtual={undefined}
            >
              <Styled(Button)
                onPress={[Function]}
                style={
                  Object {
                    "height": 30,
                    "paddingLeft": 5,
                  }
                }
                transparent={true}
                virtual={undefined}
              >
                <Styled(Label)
                  style={
                    Object {
                      "color": "rgba(255,255,255,0.6)",
                    }
                  }
                  virtual={undefined}
                >
                  Glemt pinkode?
                </Styled(Label)>
              </Styled(Button)>
              <Styled(Button)
                onPress={[Function]}
                style={
                  Object {
                    "height": 30,
                    "paddingLeft": 5,
                  }
                }
                transparent={true}
                virtual={undefined}
              >
                <Styled(Label)
                  style={
                    Object {
                      "color": "rgba(255,255,255,0.6)",
                    }
                  }
                  virtual={undefined}
                >
                  Ny bruger?
                </Styled(Label)>
              </Styled(Button)>
            </Styled(Container)>
            <ErrorInfo
              error=""
            />
          </Styled(Container)>
        </Styled(Container)>,
        "onPress": [Function],
      },
      "ref": null,
      "rendered": Object {
        "instance": null,
        "key": undefined,
        "nodeType": "class",
        "props": Object {
          "children": Array [
            <Logo />,
            <AuthForm
              cprNumber=""
              error=""
              handleSubmit={[Function]}
              isSignIn={true}
              loading={false}
              onCprNumberChange={[Function]}
              onSecondInputChange={[Function]}
              secondInput=""
            />,
            <Styled(Container)
              virtual={undefined}
            >
              <Styled(Container)
                style={
                  Object {
                    "alignItems": "flex-start",
                    "alignSelf": "center",
                    "paddingTop": 13,
                    "width": "80%",
                  }
                }
                virtual={undefined}
              >
                <Styled(Button)
                  onPress={[Function]}
                  style={
                    Object {
                      "height": 30,
                      "paddingLeft": 5,
                    }
                  }
                  transparent={true}
                  virtual={undefined}
                >
                  <Styled(Label)
                    style={
                      Object {
                        "color": "rgba(255,255,255,0.6)",
                      }
                    }
                    virtual={undefined}
                  >
                    Glemt pinkode?
                  </Styled(Label)>
                </Styled(Button)>
                <Styled(Button)
                  onPress={[Function]}
                  style={
                    Object {
                      "height": 30,
                      "paddingLeft": 5,
                    }
                  }
                  transparent={true}
                  virtual={undefined}
                >
                  <Styled(Label)
                    style={
                      Object {
                        "color": "rgba(255,255,255,0.6)",
                      }
                    }
                    virtual={undefined}
                  >
                    Ny bruger?
                  </Styled(Label)>
                </Styled(Button)>
              </Styled(Container)>
              <ErrorInfo
                error=""
              />
            </Styled(Container)>,
          ],
          "style": Object {
            "alignSelf": "stretch",
          },
          "virtual": undefined,
        },
        "ref": null,
        "rendered": Array [
          Object {
            "instance": null,
            "key": undefined,
            "nodeType": "class",
            "props": Object {},
            "ref": null,
            "rendered": null,
            "type": [Function],
          },
          Object {
            "instance": null,
            "key": undefined,
            "nodeType": "class",
            "props": Object {
              "cprNumber": "",
              "error": "",
              "handleSubmit": [Function],
              "isSignIn": true,
              "loading": false,
              "onCprNumberChange": [Function],
              "onSecondInputChange": [Function],
              "secondInput": "",
            },
            "ref": null,
            "rendered": null,
            "type": [Function],
          },
          Object {
            "instance": null,
            "key": undefined,
            "nodeType": "class",
            "props": Object {
              "children": Array [
                <Styled(Container)
                  style={
                    Object {
                      "alignItems": "flex-start",
                      "alignSelf": "center",
                      "paddingTop": 13,
                      "width": "80%",
                    }
                  }
                  virtual={undefined}
                >
                  <Styled(Button)
                    onPress={[Function]}
                    style={
                      Object {
                        "height": 30,
                        "paddingLeft": 5,
                      }
                    }
                    transparent={true}
                    virtual={undefined}
                  >
                    <Styled(Label)
                      style={
                        Object {
                          "color": "rgba(255,255,255,0.6)",
                        }
                      }
                      virtual={undefined}
                    >
                      Glemt pinkode?
                    </Styled(Label)>
                  </Styled(Button)>
                  <Styled(Button)
                    onPress={[Function]}
                    style={
                      Object {
                        "height": 30,
                        "paddingLeft": 5,
                      }
                    }
                    transparent={true}
                    virtual={undefined}
                  >
                    <Styled(Label)
                      style={
                        Object {
                          "color": "rgba(255,255,255,0.6)",
                        }
                      }
                      virtual={undefined}
                    >
                      Ny bruger?
                    </Styled(Label)>
                  </Styled(Button)>
                </Styled(Container)>,
                <ErrorInfo
                  error=""
                />,
              ],
              "virtual": undefined,
            },
            "ref": null,
            "rendered": Array [
              Object {
                "instance": null,
                "key": undefined,
                "nodeType": "class",
                "props": Object {
                  "children": Array [
                    <Styled(Button)
                      onPress={[Function]}
                      style={
                        Object {
                          "height": 30,
                          "paddingLeft": 5,
                        }
                      }
                      transparent={true}
                      virtual={undefined}
                    >
                      <Styled(Label)
                        style={
                          Object {
                            "color": "rgba(255,255,255,0.6)",
                          }
                        }
                        virtual={undefined}
                      >
                        Glemt pinkode?
                      </Styled(Label)>
                    </Styled(Button)>,
                    <Styled(Button)
                      onPress={[Function]}
                      style={
                        Object {
                          "height": 30,
                          "paddingLeft": 5,
                        }
                      }
                      transparent={true}
                      virtual={undefined}
                    >
                      <Styled(Label)
                        style={
                          Object {
                            "color": "rgba(255,255,255,0.6)",
                          }
                        }
                        virtual={undefined}
                      >
                        Ny bruger?
                      </Styled(Label)>
                    </Styled(Button)>,
                  ],
                  "style": Object {
                    "alignItems": "flex-start",
                    "alignSelf": "center",
                    "paddingTop": 13,
                    "width": "80%",
                  },
                  "virtual": undefined,
                },
                "ref": null,
                "rendered": Array [
                  Object {
                    "instance": null,
                    "key": undefined,
                    "nodeType": "class",
                    "props": Object {
                      "children": <Styled(Label)
                        style={
                          Object {
                            "color": "rgba(255,255,255,0.6)",
                          }
                        }
                        virtual={undefined}
                      >
                        Glemt pinkode?
                      </Styled(Label)>,
                      "onPress": [Function],
                      "style": Object {
                        "height": 30,
                        "paddingLeft": 5,
                      },
                      "transparent": true,
                      "virtual": undefined,
                    },
                    "ref": null,
                    "rendered": Object {
                      "instance": null,
                      "key": undefined,
                      "nodeType": "class",
                      "props": Object {
                        "children": "Glemt pinkode?",
                        "style": Object {
                          "color": "rgba(255,255,255,0.6)",
                        },
                        "virtual": undefined,
                      },
                      "ref": null,
                      "rendered": "Glemt pinkode?",
                      "type": [Function],
                    },
                    "type": [Function],
                  },
                  Object {
                    "instance": null,
                    "key": undefined,
                    "nodeType": "class",
                    "props": Object {
                      "children": <Styled(Label)
                        style={
                          Object {
                            "color": "rgba(255,255,255,0.6)",
                          }
                        }
                        virtual={undefined}
                      >
                        Ny bruger?
                      </Styled(Label)>,
                      "onPress": [Function],
                      "style": Object {
                        "height": 30,
                        "paddingLeft": 5,
                      },
                      "transparent": true,
                      "virtual": undefined,
                    },
                    "ref": null,
                    "rendered": Object {
                      "instance": null,
                      "key": undefined,
                      "nodeType": "class",
                      "props": Object {
                        "children": "Ny bruger?",
                        "style": Object {
                          "color": "rgba(255,255,255,0.6)",
                        },
                        "virtual": undefined,
                      },
                      "ref": null,
                      "rendered": "Ny bruger?",
                      "type": [Function],
                    },
                    "type": [Function],
                  },
                ],
                "type": [Function],
              },
              Object {
                "instance": null,
                "key": undefined,
                "nodeType": "class",
                "props": Object {
                  "error": "",
                },
                "ref": null,
                "rendered": null,
                "type": [Function],
              },
            ],
            "type": [Function],
          },
        ],
        "type": [Function],
      },
      "type": [Function],
    },
    "type": [Function],
  },
  Symbol(enzyme.__nodes__): Array [
    Object {
      "instance": null,
      "key": undefined,
      "nodeType": "class",
      "props": Object {
        "behavior": "padding",
        "children": <TouchableWithoutFeedback
          accessible={false}
          onPress={[Function]}
        >
          <Styled(Container)
            style={
              Object {
                "alignSelf": "stretch",
              }
            }
            virtual={undefined}
          >
            <Logo />
            <AuthForm
              cprNumber=""
              error=""
              handleSubmit={[Function]}
              isSignIn={true}
              loading={false}
              onCprNumberChange={[Function]}
              onSecondInputChange={[Function]}
              secondInput=""
            />
            <Styled(Container)
              virtual={undefined}
            >
              <Styled(Container)
                style={
                  Object {
                    "alignItems": "flex-start",
                    "alignSelf": "center",
                    "paddingTop": 13,
                    "width": "80%",
                  }
                }
                virtual={undefined}
              >
                <Styled(Button)
                  onPress={[Function]}
                  style={
                    Object {
                      "height": 30,
                      "paddingLeft": 5,
                    }
                  }
                  transparent={true}
                  virtual={undefined}
                >
                  <Styled(Label)
                    style={
                      Object {
                        "color": "rgba(255,255,255,0.6)",
                      }
                    }
                    virtual={undefined}
                  >
                    Glemt pinkode?
                  </Styled(Label)>
                </Styled(Button)>
                <Styled(Button)
                  onPress={[Function]}
                  style={
                    Object {
                      "height": 30,
                      "paddingLeft": 5,
                    }
                  }
                  transparent={true}
                  virtual={undefined}
                >
                  <Styled(Label)
                    style={
                      Object {
                        "color": "rgba(255,255,255,0.6)",
                      }
                    }
                    virtual={undefined}
                  >
                    Ny bruger?
                  </Styled(Label)>
                </Styled(Button)>
              </Styled(Container)>
              <ErrorInfo
                error=""
              />
            </Styled(Container)>
          </Styled(Container)>
        </TouchableWithoutFeedback>,
        "keyboardVerticalOffset": 0,
        "style": Object {
          "alignItems": "center",
          "backgroundColor": "#166a97",
          "flex": 2,
          "justifyContent": "center",
        },
      },
      "ref": null,
      "rendered": Object {
        "instance": null,
        "key": undefined,
        "nodeType": "class",
        "props": Object {
          "accessible": false,
          "children": <Styled(Container)
            style={
              Object {
                "alignSelf": "stretch",
              }
            }
            virtual={undefined}
          >
            <Logo />
            <AuthForm
              cprNumber=""
              error=""
              handleSubmit={[Function]}
              isSignIn={true}
              loading={false}
              onCprNumberChange={[Function]}
              onSecondInputChange={[Function]}
              secondInput=""
            />
            <Styled(Container)
              virtual={undefined}
            >
              <Styled(Container)
                style={
                  Object {
                    "alignItems": "flex-start",
                    "alignSelf": "center",
                    "paddingTop": 13,
                    "width": "80%",
                  }
                }
                virtual={undefined}
              >
                <Styled(Button)
                  onPress={[Function]}
                  style={
                    Object {
                      "height": 30,
                      "paddingLeft": 5,
                    }
                  }
                  transparent={true}
                  virtual={undefined}
                >
                  <Styled(Label)
                    style={
                      Object {
                        "color": "rgba(255,255,255,0.6)",
                      }
                    }
                    virtual={undefined}
                  >
                    Glemt pinkode?
                  </Styled(Label)>
                </Styled(Button)>
                <Styled(Button)
                  onPress={[Function]}
                  style={
                    Object {
                      "height": 30,
                      "paddingLeft": 5,
                    }
                  }
                  transparent={true}
                  virtual={undefined}
                >
                  <Styled(Label)
                    style={
                      Object {
                        "color": "rgba(255,255,255,0.6)",
                      }
                    }
                    virtual={undefined}
                  >
                    Ny bruger?
                  </Styled(Label)>
                </Styled(Button)>
              </Styled(Container)>
              <ErrorInfo
                error=""
              />
            </Styled(Container)>
          </Styled(Container)>,
          "onPress": [Function],
        },
        "ref": null,
        "rendered": Object {
          "instance": null,
          "key": undefined,
          "nodeType": "class",
          "props": Object {
            "children": Array [
              <Logo />,
              <AuthForm
                cprNumber=""
                error=""
                handleSubmit={[Function]}
                isSignIn={true}
                loading={false}
                onCprNumberChange={[Function]}
                onSecondInputChange={[Function]}
                secondInput=""
              />,
              <Styled(Container)
                virtual={undefined}
              >
                <Styled(Container)
                  style={
                    Object {
                      "alignItems": "flex-start",
                      "alignSelf": "center",
                      "paddingTop": 13,
                      "width": "80%",
                    }
                  }
                  virtual={undefined}
                >
                  <Styled(Button)
                    onPress={[Function]}
                    style={
                      Object {
                        "height": 30,
                        "paddingLeft": 5,
                      }
                    }
                    transparent={true}
                    virtual={undefined}
                  >
                    <Styled(Label)
                      style={
                        Object {
                          "color": "rgba(255,255,255,0.6)",
                        }
                      }
                      virtual={undefined}
                    >
                      Glemt pinkode?
                    </Styled(Label)>
                  </Styled(Button)>
                  <Styled(Button)
                    onPress={[Function]}
                    style={
                      Object {
                        "height": 30,
                        "paddingLeft": 5,
                      }
                    }
                    transparent={true}
                    virtual={undefined}
                  >
                    <Styled(Label)
                      style={
                        Object {
                          "color": "rgba(255,255,255,0.6)",
                        }
                      }
                      virtual={undefined}
                    >
                      Ny bruger?
                    </Styled(Label)>
                  </Styled(Button)>
                </Styled(Container)>
                <ErrorInfo
                  error=""
                />
              </Styled(Container)>,
            ],
            "style": Object {
              "alignSelf": "stretch",
            },
            "virtual": undefined,
          },
          "ref": null,
          "rendered": Array [
            Object {
              "instance": null,
              "key": undefined,
              "nodeType": "class",
              "props": Object {},
              "ref": null,
              "rendered": null,
              "type": [Function],
            },
            Object {
              "instance": null,
              "key": undefined,
              "nodeType": "class",
              "props": Object {
                "cprNumber": "",
                "error": "",
                "handleSubmit": [Function],
                "isSignIn": true,
                "loading": false,
                "onCprNumberChange": [Function],
                "onSecondInputChange": [Function],
                "secondInput": "",
              },
              "ref": null,
              "rendered": null,
              "type": [Function],
            },
            Object {
              "instance": null,
              "key": undefined,
              "nodeType": "class",
              "props": Object {
                "children": Array [
                  <Styled(Container)
                    style={
                      Object {
                        "alignItems": "flex-start",
                        "alignSelf": "center",
                        "paddingTop": 13,
                        "width": "80%",
                      }
                    }
                    virtual={undefined}
                  >
                    <Styled(Button)
                      onPress={[Function]}
                      style={
                        Object {
                          "height": 30,
                          "paddingLeft": 5,
                        }
                      }
                      transparent={true}
                      virtual={undefined}
                    >
                      <Styled(Label)
                        style={
                          Object {
                            "color": "rgba(255,255,255,0.6)",
                          }
                        }
                        virtual={undefined}
                      >
                        Glemt pinkode?
                      </Styled(Label)>
                    </Styled(Button)>
                    <Styled(Button)
                      onPress={[Function]}
                      style={
                        Object {
                          "height": 30,
                          "paddingLeft": 5,
                        }
                      }
                      transparent={true}
                      virtual={undefined}
                    >
                      <Styled(Label)
                        style={
                          Object {
                            "color": "rgba(255,255,255,0.6)",
                          }
                        }
                        virtual={undefined}
                      >
                        Ny bruger?
                      </Styled(Label)>
                    </Styled(Button)>
                  </Styled(Container)>,
                  <ErrorInfo
                    error=""
                  />,
                ],
                "virtual": undefined,
              },
              "ref": null,
              "rendered": Array [
                Object {
                  "instance": null,
                  "key": undefined,
                  "nodeType": "class",
                  "props": Object {
                    "children": Array [
                      <Styled(Button)
                        onPress={[Function]}
                        style={
                          Object {
                            "height": 30,
                            "paddingLeft": 5,
                          }
                        }
                        transparent={true}
                        virtual={undefined}
                      >
                        <Styled(Label)
                          style={
                            Object {
                              "color": "rgba(255,255,255,0.6)",
                            }
                          }
                          virtual={undefined}
                        >
                          Glemt pinkode?
                        </Styled(Label)>
                      </Styled(Button)>,
                      <Styled(Button)
                        onPress={[Function]}
                        style={
                          Object {
                            "height": 30,
                            "paddingLeft": 5,
                          }
                        }
                        transparent={true}
                        virtual={undefined}
                      >
                        <Styled(Label)
                          style={
                            Object {
                              "color": "rgba(255,255,255,0.6)",
                            }
                          }
                          virtual={undefined}
                        >
                          Ny bruger?
                        </Styled(Label)>
                      </Styled(Button)>,
                    ],
                    "style": Object {
                      "alignItems": "flex-start",
                      "alignSelf": "center",
                      "paddingTop": 13,
                      "width": "80%",
                    },
                    "virtual": undefined,
                  },
                  "ref": null,
                  "rendered": Array [
                    Object {
                      "instance": null,
                      "key": undefined,
                      "nodeType": "class",
                      "props": Object {
                        "children": <Styled(Label)
                          style={
                            Object {
                              "color": "rgba(255,255,255,0.6)",
                            }
                          }
                          virtual={undefined}
                        >
                          Glemt pinkode?
                        </Styled(Label)>,
                        "onPress": [Function],
                        "style": Object {
                          "height": 30,
                          "paddingLeft": 5,
                        },
                        "transparent": true,
                        "virtual": undefined,
                      },
                      "ref": null,
                      "rendered": Object {
                        "instance": null,
                        "key": undefined,
                        "nodeType": "class",
                        "props": Object {
                          "children": "Glemt pinkode?",
                          "style": Object {
                            "color": "rgba(255,255,255,0.6)",
                          },
                          "virtual": undefined,
                        },
                        "ref": null,
                        "rendered": "Glemt pinkode?",
                        "type": [Function],
                      },
                      "type": [Function],
                    },
                    Object {
                      "instance": null,
                      "key": undefined,
                      "nodeType": "class",
                      "props": Object {
                        "children": <Styled(Label)
                          style={
                            Object {
                              "color": "rgba(255,255,255,0.6)",
                            }
                          }
                          virtual={undefined}
                        >
                          Ny bruger?
                        </Styled(Label)>,
                        "onPress": [Function],
                        "style": Object {
                          "height": 30,
                          "paddingLeft": 5,
                        },
                        "transparent": true,
                        "virtual": undefined,
                      },
                      "ref": null,
                      "rendered": Object {
                        "instance": null,
                        "key": undefined,
                        "nodeType": "class",
                        "props": Object {
                          "children": "Ny bruger?",
                          "style": Object {
                            "color": "rgba(255,255,255,0.6)",
                          },
                          "virtual": undefined,
                        },
                        "ref": null,
                        "rendered": "Ny bruger?",
                        "type": [Function],
                      },
                      "type": [Function],
                    },
                  ],
                  "type": [Function],
                },
                Object {
                  "instance": null,
                  "key": undefined,
                  "nodeType": "class",
                  "props": Object {
                    "error": "",
                  },
                  "ref": null,
                  "rendered": null,
                  "type": [Function],
                },
              ],
              "type": [Function],
            },
          ],
          "type": [Function],
        },
        "type": [Function],
      },
      "type": [Function],
    },
  ],
  Symbol(enzyme.__options__): Object {
    "adapter": ReactSixteenAdapter {
      "options": Object {
        "enableComponentDidUpdateOnSetState": true,
      },
    },
    "context": Object {
      "store": Object {
        "clearActions": [Function],
        "dispatch": [Function],
        "getActions": [Function],
        "getState": [Function],
        "replaceReducer": [Function],
        "subscribe": [Function],
      },
    },
  },
}
`;
